// Jest Snapshot v1, https://goo.gl/fbAQLP

exports[`Icon component Should render icon component correctly 1`] = `
<Text
  allowFontScaling={false}
  style={
    Array [
      Object {
        "color": "#000000",
        "fontSize": 24,
      },
      undefined,
      Object {
        "fontFamily": "naturaiconography",
        "fontStyle": "normal",
        "fontWeight": "normal",
      },
      Object {},
    ]
  }
>
  î¤Š
</Text>
`;
